
 ------------------------------ 1764767837.401403 ------------------------------ 

--- Processing options: Edge/EDGE_GRID_CATB3_ARCADE ---
Configuration file patched successfully.
Starting Hub.exe from: W:\Dev\Milestones\M4\stage\Win32\Debug\innov8\system\bin\Hub\Hub.exe
Hub.exe started with PID: 3280
Watching W:\Dev\Milestones\M4\stage\Win32\Debug\innov8\persistence\system\Menu for a new .png file for up to 120 seconds...
New screenshot found: Edge_Original_Uk_CatB3_Arcade.png
Screenshot moved to: Edge_Original_Uk_CatB3_Arcade.png
Terminating Hub.exe (PID: 3280)...
Hub.exe terminated.
--------------------------------------------------

 ------------------------------ Done ------------------------------ 

--- Processing options: Edge/EDGE_GRID_CLUB ---
Configuration file patched successfully.
Starting Hub.exe from: W:\Dev\Milestones\M4\stage\Win32\Debug\innov8\system\bin\Hub\Hub.exe
Hub.exe started with PID: 3940
Watching W:\Dev\Milestones\M4\stage\Win32\Debug\innov8\persistence\system\Menu for a new .png file for up to 120 seconds...
New screenshot found: Edge_Original_Uk_CatB4_MembersClub.png
Screenshot moved to: Edge_Original_Uk_CatB4_MembersClub.png
Terminating Hub.exe (PID: 3940)...
Hub.exe terminated.
--------------------------------------------------

 ------------------------------ Done ------------------------------ 

--- Processing options: Edge/EDGE_GRID_CATC_ARCADE ---
Configuration file patched successfully.
Starting Hub.exe from: W:\Dev\Milestones\M4\stage\Win32\Debug\innov8\system\bin\Hub\Hub.exe
Hub.exe started with PID: 33556
Watching W:\Dev\Milestones\M4\stage\Win32\Debug\innov8\persistence\system\Menu for a new .png file for up to 120 seconds...
New screenshot found: Edge_Original_Uk_CatC_Arcade.png
Screenshot moved to: Edge_Original_Uk_CatC_Arcade.png
Terminating Hub.exe (PID: 33556)...
Hub.exe terminated.
--------------------------------------------------

 ------------------------------ Done ------------------------------ 

--- Processing options: Edge/EDGE_GRID_PUB ---
Configuration file patched successfully.
Starting Hub.exe from: W:\Dev\Milestones\M4\stage\Win32\Debug\innov8\system\bin\Hub\Hub.exe
Hub.exe started with PID: 34840
Watching W:\Dev\Milestones\M4\stage\Win32\Debug\innov8\persistence\system\Menu for a new .png file for up to 120 seconds...
New screenshot found: Edge_Original_Uk_CatC_SingleSite.png
Screenshot moved to: Edge_Original_Uk_CatC_SingleSite.png
Terminating Hub.exe (PID: 34840)...
Hub.exe terminated.
--------------------------------------------------

 ------------------------------ Done ------------------------------ 

--- Processing options: EdgePlus/EDGEPLUS_NEXUS_ARCADE ---
Configuration file patched successfully.
Starting Hub.exe from: W:\Dev\Milestones\M4\stage\Win32\Debug\innov8\system\bin\Hub\Hub.exe
Hub.exe started with PID: 3816
Watching W:\Dev\Milestones\M4\stage\Win32\Debug\innov8\persistence\system\Menu for a new .png file for up to 120 seconds...
New screenshot found: EdgePlus_Original_Uk_CatC_Arcade.png
Screenshot moved to: EdgePlus_Original_Uk_CatC_Arcade.png
Terminating Hub.exe (PID: 3816)...
Hub.exe terminated.
--------------------------------------------------

 ------------------------------ Done ------------------------------ 

--- Processing options: EdgePlus/EDGEPLUS_CARBON_PUB ---
Configuration file patched successfully.
Starting Hub.exe from: W:\Dev\Milestones\M4\stage\Win32\Debug\innov8\system\bin\Hub\Hub.exe
Hub.exe started with PID: 5964
Watching W:\Dev\Milestones\M4\stage\Win32\Debug\innov8\persistence\system\Menu for a new .png file for up to 120 seconds...
New screenshot found: EdgePlus_Original_Uk_CatC_SingleSite.png
Screenshot moved to: EdgePlus_Original_Uk_CatC_SingleSite.png
Terminating Hub.exe (PID: 5964)...
Hub.exe terminated.
--------------------------------------------------

 ------------------------------ Done ------------------------------ 

--- Processing options: EdgePlus/EDGEPLUS_NEXUS_CATB4_CLUB ---
Configuration file patched successfully.
Starting Hub.exe from: W:\Dev\Milestones\M4\stage\Win32\Debug\innov8\system\bin\Hub\Hub.exe
Hub.exe started with PID: 25960
Watching W:\Dev\Milestones\M4\stage\Win32\Debug\innov8\persistence\system\Menu for a new .png file for up to 120 seconds...
New screenshot found: EdgePlus_Original_Uk_CatB4_MembersClub.png
Screenshot moved to: EdgePlus_Original_Uk_CatB4_MembersClub.png
Terminating Hub.exe (PID: 25960)...
Hub.exe terminated.
--------------------------------------------------

 ------------------------------ Done ------------------------------ 

--- Processing options: EdgePlus/EDGEPLUS_NEXUS_CATB3_ARCADE ---
Configuration file patched successfully.
Starting Hub.exe from: W:\Dev\Milestones\M4\stage\Win32\Debug\innov8\system\bin\Hub\Hub.exe
Hub.exe started with PID: 26328
Watching W:\Dev\Milestones\M4\stage\Win32\Debug\innov8\persistence\system\Menu for a new .png file for up to 120 seconds...
New screenshot found: EdgePlus_Original_Uk_CatB3_Arcade.png
Screenshot moved to: EdgePlus_Original_Uk_CatB3_Arcade.png
Terminating Hub.exe (PID: 26328)...
Hub.exe terminated.
--------------------------------------------------

 ------------------------------ Done ------------------------------ 

--- Processing options: ApexEvolution/EVO_SUPERNOVA_ARCADE ---
Configuration file patched successfully.
Starting Hub.exe from: W:\Dev\Milestones\M4\stage\Win32\Debug\innov8\system\bin\Hub\Hub.exe
Hub.exe started with PID: 22416
Watching W:\Dev\Milestones\M4\stage\Win32\Debug\innov8\persistence\system\Menu for a new .png file for up to 120 seconds...
New screenshot found: ApexEvolution_Mesh_Uk_CatC_Arcade.png
Screenshot moved to: ApexEvolution_Mesh_Uk_CatC_Arcade.png
Terminating Hub.exe (PID: 22416)...
Hub.exe terminated.
--------------------------------------------------

 ------------------------------ Done ------------------------------ 

--- Processing options: ApexEvolution/EVO_HEX_PUB ---
Configuration file patched successfully.
Starting Hub.exe from: W:\Dev\Milestones\M4\stage\Win32\Debug\innov8\system\bin\Hub\Hub.exe
Hub.exe started with PID: 26036
Watching W:\Dev\Milestones\M4\stage\Win32\Debug\innov8\persistence\system\Menu for a new .png file for up to 120 seconds...
New screenshot found: ApexEvolution_Mesh_Uk_CatC_SingleSite.png
Screenshot moved to: ApexEvolution_Mesh_Uk_CatC_SingleSite.png
Terminating Hub.exe (PID: 26036)...
Hub.exe terminated.
--------------------------------------------------

 ------------------------------ Done ------------------------------ 

--- Processing options: Halo/HALO_HOTSLOTS_ARCADE ---
Configuration file patched successfully.
Starting Hub.exe from: W:\Dev\Milestones\M4\stage\Win32\Debug\innov8\system\bin\Hub\Hub.exe
Hub.exe started with PID: 21108
Watching W:\Dev\Milestones\M4\stage\Win32\Debug\innov8\persistence\system\Menu for a new .png file for up to 120 seconds...
New screenshot found: Halo_Original_Uk_CatB3_Arcade.png
Screenshot moved to: Halo_Original_Uk_CatB3_Arcade.png
Terminating Hub.exe (PID: 21108)...
Hub.exe terminated.
--------------------------------------------------

 ------------------------------ Done ------------------------------ 

--- Processing options: Halo/HALO_LUCKYSLOTS_ARCADE ---
Configuration file patched successfully.
Starting Hub.exe from: W:\Dev\Milestones\M4\stage\Win32\Debug\innov8\system\bin\Hub\Hub.exe
Hub.exe started with PID: 22456
Watching W:\Dev\Milestones\M4\stage\Win32\Debug\innov8\persistence\system\Menu for a new .png file for up to 120 seconds...
New screenshot found: Halo_Original_Uk_CatC_Arcade.png
Screenshot moved to: Halo_Original_Uk_CatC_Arcade.png
Terminating Hub.exe (PID: 22456)...
Hub.exe terminated.
--------------------------------------------------

 ------------------------------ Done ------------------------------ 

--- Processing options: Halo/HALO_HOTSLOTS_CLUB ---
Configuration file patched successfully.
Starting Hub.exe from: W:\Dev\Milestones\M4\stage\Win32\Debug\innov8\system\bin\Hub\Hub.exe
Hub.exe started with PID: 33140
Watching W:\Dev\Milestones\M4\stage\Win32\Debug\innov8\persistence\system\Menu for a new .png file for up to 120 seconds...
New screenshot found: Halo_Original_Uk_CatB4_MembersClub.png
Screenshot moved to: Halo_Original_Uk_CatB4_MembersClub.png
Terminating Hub.exe (PID: 33140)...
Hub.exe terminated.
--------------------------------------------------

 ------------------------------ Done ------------------------------ 

--- Processing options: Illusion/ILLUSION_B3_MSD_ARCADE ---
Configuration file patched successfully.
Starting Hub.exe from: W:\Dev\Milestones\M4\stage\Win32\Debug\innov8\system\bin\Hub\Hub.exe
Hub.exe started with PID: 26244
Watching W:\Dev\Milestones\M4\stage\Win32\Debug\innov8\persistence\system\Menu for a new .png file for up to 120 seconds...
New screenshot found: Illusion_Mesh_Uk_CatB3_Arcade.png
Screenshot moved to: Illusion_Mesh_Uk_CatB3_Arcade.png
Terminating Hub.exe (PID: 26244)...
Hub.exe terminated.
--------------------------------------------------

 ------------------------------ Done ------------------------------ 

--- Processing options: Illusion/ILLUSION_B3A_CLUB ---
Configuration file patched successfully.
Starting Hub.exe from: W:\Dev\Milestones\M4\stage\Win32\Debug\innov8\system\bin\Hub\Hub.exe
Hub.exe started with PID: 23252
Watching W:\Dev\Milestones\M4\stage\Win32\Debug\innov8\persistence\system\Menu for a new .png file for up to 120 seconds...
New screenshot found: Illusion_Mesh_Uk_CatB3a_MembersClub.png
Screenshot moved to: Illusion_Mesh_Uk_CatB3a_MembersClub.png
Terminating Hub.exe (PID: 23252)...
Hub.exe terminated.
--------------------------------------------------

 ------------------------------ Done ------------------------------ 

--- Processing options: Illusion/ILLUSION_MSD_PUB ---
Configuration file patched successfully.
Starting Hub.exe from: W:\Dev\Milestones\M4\stage\Win32\Debug\innov8\system\bin\Hub\Hub.exe
Hub.exe started with PID: 14120
Watching W:\Dev\Milestones\M4\stage\Win32\Debug\innov8\persistence\system\Menu for a new .png file for up to 120 seconds...
New screenshot found: Illusion_Mesh_Uk_CatC_SingleSite.png
Screenshot moved to: Illusion_Mesh_Uk_CatC_SingleSite.png
Terminating Hub.exe (PID: 14120)...
Hub.exe terminated.
--------------------------------------------------

 ------------------------------ Done ------------------------------ 

--- Processing options: ISlot/ISLOT_ONYX_PUB ---
Configuration file patched successfully.
Starting Hub.exe from: W:\Dev\Milestones\M4\stage\Win32\Debug\innov8\system\bin\Hub\Hub.exe
Hub.exe started with PID: 9988
Watching W:\Dev\Milestones\M4\stage\Win32\Debug\innov8\persistence\system\Menu for a new .png file for up to 120 seconds...
New screenshot found: ISlot_Original_Uk_CatC_SingleSite.png
Screenshot moved to: ISlot_Original_Uk_CatC_SingleSite.png
Terminating Hub.exe (PID: 9988)...
Hub.exe terminated.
--------------------------------------------------

 ------------------------------ Done ------------------------------ 

--- Processing options: Phoenix/PHOENIXLOTI_CLUB ---
Configuration file patched successfully.
Starting Hub.exe from: W:\Dev\Milestones\M4\stage\Win32\Debug\innov8\system\bin\Hub\Hub.exe
Hub.exe started with PID: 22184
Watching W:\Dev\Milestones\M4\stage\Win32\Debug\innov8\persistence\system\Menu for a new .png file for up to 120 seconds...
New screenshot found: Phoenix_LuckOfTheIrish_Uk_CatB4_MembersClub.png
Screenshot moved to: Phoenix_LuckOfTheIrish_Uk_CatB4_MembersClub.png
Terminating Hub.exe (PID: 22184)...
Hub.exe terminated.
--------------------------------------------------

 ------------------------------ Done ------------------------------ 

--- Processing options: Phoenix/PHOENIXLOTI ---
Configuration file patched successfully.
Starting Hub.exe from: W:\Dev\Milestones\M4\stage\Win32\Debug\innov8\system\bin\Hub\Hub.exe
Hub.exe started with PID: 11912
Watching W:\Dev\Milestones\M4\stage\Win32\Debug\innov8\persistence\system\Menu for a new .png file for up to 120 seconds...
New screenshot found: Phoenix_Hot_Uk_CatC_SingleSite.png
Screenshot moved to: Phoenix_Hot_Uk_CatC_SingleSite.png
Terminating Hub.exe (PID: 11912)...
Hub.exe terminated.
--------------------------------------------------

 ------------------------------ Done ------------------------------ 

--- Processing options: Phoenix/PHOENIXLOTI ---
Configuration file patched successfully.
Starting Hub.exe from: W:\Dev\Milestones\M4\stage\Win32\Debug\innov8\system\bin\Hub\Hub.exe
Hub.exe started with PID: 31420
Watching W:\Dev\Milestones\M4\stage\Win32\Debug\innov8\persistence\system\Menu for a new .png file for up to 120 seconds...
New screenshot found: Phoenix_LuckOfTheIrish_Uk_CatC_SingleSite.png
Screenshot moved to: Phoenix_LuckOfTheIrish_Uk_CatC_SingleSite.png
Terminating Hub.exe (PID: 31420)...
Hub.exe terminated.
--------------------------------------------------

 ------------------------------ Done ------------------------------ 

--- Processing options: Razor/RAZOR_BLADE_COMMUNITY_ARCADE ---
Configuration file patched successfully.
Starting Hub.exe from: W:\Dev\Milestones\M4\stage\Win32\Debug\innov8\system\bin\Hub\Hub.exe
Hub.exe started with PID: 2868
Watching W:\Dev\Milestones\M4\stage\Win32\Debug\innov8\persistence\system\Menu for a new .png file for up to 120 seconds...
New screenshot found: Razor_Original_Uk_CatC_Arcade.png
Screenshot moved to: Razor_Original_Uk_CatC_Arcade.png
Terminating Hub.exe (PID: 2868)...
Hub.exe terminated.
--------------------------------------------------

 ------------------------------ Done ------------------------------ 

--- Processing options: Razor/RAZOR_BLADE_PUB ---
Configuration file patched successfully.
Starting Hub.exe from: W:\Dev\Milestones\M4\stage\Win32\Debug\innov8\system\bin\Hub\Hub.exe
Hub.exe started with PID: 18696
Watching W:\Dev\Milestones\M4\stage\Win32\Debug\innov8\persistence\system\Menu for a new .png file for up to 120 seconds...
New screenshot found: Razor_Original_Uk_CatC_SingleSite.png
Screenshot moved to: Razor_Original_Uk_CatC_SingleSite.png
Terminating Hub.exe (PID: 18696)...
Hub.exe terminated.
--------------------------------------------------

 ------------------------------ Done ------------------------------ 

--- Processing options: Apex/SUPERNOVA ---
Configuration file patched successfully.
Starting Hub.exe from: W:\Dev\Milestones\M4\stage\Win32\Debug\innov8\system\bin\Hub\Hub.exe
Hub.exe started with PID: 38836
Watching W:\Dev\Milestones\M4\stage\Win32\Debug\innov8\persistence\system\Menu for a new .png file for up to 120 seconds...
New screenshot found: Apex_Mesh_Uk_CatC_SingleSite.png
Screenshot moved to: Apex_Mesh_Uk_CatC_SingleSite.png
Terminating Hub.exe (PID: 38836)...
Hub.exe terminated.
--------------------------------------------------

 ------------------------------ Done ------------------------------ 

--- Processing options: Emerald/SUPERNOVA ---
Configuration file patched successfully.
Starting Hub.exe from: W:\Dev\Milestones\M4\stage\Win32\Debug\innov8\system\bin\Hub\Hub.exe
Hub.exe started with PID: 33388
Watching W:\Dev\Milestones\M4\stage\Win32\Debug\innov8\persistence\system\Menu for a new .png file for up to 120 seconds...
New screenshot found: Emerald_Original_Uk_CatC_SingleSite.png
Screenshot moved to: Emerald_Original_Uk_CatC_SingleSite.png
Terminating Hub.exe (PID: 33388)...
Hub.exe terminated.
--------------------------------------------------

 ------------------------------ Done ------------------------------ 

--- Processing options: PartialEclipse/SUPERNOVA ---
Configuration file patched successfully.
Starting Hub.exe from: W:\Dev\Milestones\M4\stage\Win32\Debug\innov8\system\bin\Hub\Hub.exe
Hub.exe started with PID: 17080
Watching W:\Dev\Milestones\M4\stage\Win32\Debug\innov8\persistence\system\Menu for a new .png file for up to 120 seconds...
New screenshot found: PartialEclipse_BlazingHot_Uk_CatC_SingleSite.png
Screenshot moved to: PartialEclipse_BlazingHot_Uk_CatC_SingleSite.png
Terminating Hub.exe (PID: 17080)...
Hub.exe terminated.
--------------------------------------------------

 ------------------------------ Done ------------------------------ 

--- Processing options: PartialEclipse/SUPERNOVA ---
Configuration file patched successfully.
Starting Hub.exe from: W:\Dev\Milestones\M4\stage\Win32\Debug\innov8\system\bin\Hub\Hub.exe
Hub.exe started with PID: 32468
Watching W:\Dev\Milestones\M4\stage\Win32\Debug\innov8\persistence\system\Menu for a new .png file for up to 120 seconds...
New screenshot found: PartialEclipse_Casino_Uk_CatC_SingleSite.png
Screenshot moved to: PartialEclipse_Casino_Uk_CatC_SingleSite.png
Terminating Hub.exe (PID: 32468)...
Hub.exe terminated.
--------------------------------------------------

 ------------------------------ Done ------------------------------ 

--- Processing options: PartialEclipse/SUPERNOVA ---
Configuration file patched successfully.
Starting Hub.exe from: W:\Dev\Milestones\M4\stage\Win32\Debug\innov8\system\bin\Hub\Hub.exe
Hub.exe started with PID: 38060
Watching W:\Dev\Milestones\M4\stage\Win32\Debug\innov8\persistence\system\Menu for a new .png file for up to 120 seconds...
New screenshot found: PartialEclipse_LuckOfTheIrish_Uk_CatC_SingleSite.png
Screenshot moved to: PartialEclipse_LuckOfTheIrish_Uk_CatC_SingleSite.png
Terminating Hub.exe (PID: 38060)...
Hub.exe terminated.
--------------------------------------------------

 ------------------------------ Done ------------------------------ 

--- Processing options: PartialEclipse/SUPERNOVA ---
Configuration file patched successfully.
Starting Hub.exe from: W:\Dev\Milestones\M4\stage\Win32\Debug\innov8\system\bin\Hub\Hub.exe
Hub.exe started with PID: 7228
Watching W:\Dev\Milestones\M4\stage\Win32\Debug\innov8\persistence\system\Menu for a new .png file for up to 120 seconds...
New screenshot found: PartialEclipse_StarsAndBars_Uk_CatC_SingleSite.png
Screenshot moved to: PartialEclipse_StarsAndBars_Uk_CatC_SingleSite.png
Terminating Hub.exe (PID: 7228)...
Hub.exe terminated.
--------------------------------------------------

 ------------------------------ Done ------------------------------ 

--- Processing options: TotalEclipse/SUPERNOVA ---
Configuration file patched successfully.
Starting Hub.exe from: W:\Dev\Milestones\M4\stage\Win32\Debug\innov8\system\bin\Hub\Hub.exe
Hub.exe started with PID: 32812
Watching W:\Dev\Milestones\M4\stage\Win32\Debug\innov8\persistence\system\Menu for a new .png file for up to 120 seconds...
New screenshot found: TotalEclipse_Stars_Uk_CatC_SingleSite.png
Screenshot moved to: TotalEclipse_Stars_Uk_CatC_SingleSite.png
Terminating Hub.exe (PID: 32812)...
Hub.exe terminated.
--------------------------------------------------

 ------------------------------ Done ------------------------------ 

--- Processing options: Stellar/STELLAR_HEX_CATB3A_CLUB ---
Configuration file patched successfully.
Starting Hub.exe from: W:\Dev\Milestones\M4\stage\Win32\Debug\innov8\system\bin\Hub\Hub.exe
Hub.exe started with PID: 22868
Watching W:\Dev\Milestones\M4\stage\Win32\Debug\innov8\persistence\system\Menu for a new .png file for up to 120 seconds...
New screenshot found: Stellar_Original_Uk_CatB3a_MembersClub.png
Screenshot moved to: Stellar_Original_Uk_CatB3a_MembersClub.png
Terminating Hub.exe (PID: 22868)...
Hub.exe terminated.
--------------------------------------------------

 ------------------------------ Done ------------------------------ 

--- Processing options: Stellar/STELLAR_HEX_CATB4_CLUB ---
Configuration file patched successfully.
Starting Hub.exe from: W:\Dev\Milestones\M4\stage\Win32\Debug\innov8\system\bin\Hub\Hub.exe
Hub.exe started with PID: 24052
Watching W:\Dev\Milestones\M4\stage\Win32\Debug\innov8\persistence\system\Menu for a new .png file for up to 120 seconds...
New screenshot found: Stellar_Original_Uk_CatB4_MembersClub.png
Screenshot moved to: Stellar_Original_Uk_CatB4_MembersClub.png
Terminating Hub.exe (PID: 24052)...
Hub.exe terminated.
--------------------------------------------------

 ------------------------------ Done ------------------------------ 

--- Processing options: Stellar/STELLAR_HEX_PUB ---
Configuration file patched successfully.
Starting Hub.exe from: W:\Dev\Milestones\M4\stage\Win32\Debug\innov8\system\bin\Hub\Hub.exe
Hub.exe started with PID: 17916
Watching W:\Dev\Milestones\M4\stage\Win32\Debug\innov8\persistence\system\Menu for a new .png file for up to 120 seconds...
New screenshot found: Stellar_Original_Uk_CatC_SingleSite.png
Screenshot moved to: Stellar_Original_Uk_CatC_SingleSite.png
Terminating Hub.exe (PID: 17916)...
Hub.exe terminated.
--------------------------------------------------

 ------------------------------ Done ------------------------------ 


 ------------------------------ 1764847388.641293 ------------------------------ 

--- Processing options: Edge/EDGE_GRID_CATB3_ARCADE ---
Configuration file patched successfully.
Starting Hub.exe from: W:\Dev\Milestones\M2\stage\Win32\Debug\innov8\system\bin\Hub\Hub.exe
Hub.exe started with PID: 19804
Watching W:\Dev\Milestones\M2\stage\Win32\Debug\innov8\persistence\system\Menu for a new .png file for up to 120 seconds...
New screenshot found: Edge_Original_Uk_CatB3_Arcade.png
Screenshot moved to: Edge_Original_Uk_CatB3_Arcade.png
Terminating Hub.exe (PID: 19804)...
Hub.exe terminated.
--------------------------------------------------

 ------------------------------ Done ------------------------------ 

--- Processing options: Edge/EDGE_GRID_CLUB ---
Configuration file patched successfully.
Starting Hub.exe from: W:\Dev\Milestones\M2\stage\Win32\Debug\innov8\system\bin\Hub\Hub.exe
Hub.exe started with PID: 15732
Watching W:\Dev\Milestones\M2\stage\Win32\Debug\innov8\persistence\system\Menu for a new .png file for up to 120 seconds...

 ------------------------------ Done ------------------------------ 


 ------------------------------ 1764847608.5687568 ------------------------------ 

--- Processing options: Edge/EDGE_GRID_CATB3_ARCADE ---
Configuration file patched successfully.
Starting Hub.exe from: W:\Dev\Milestones\M2\stage\Win32\Debug\innov8\system\bin\Hub\Hub.exe
Hub.exe started with PID: 21248
Watching W:\Dev\Milestones\M2\stage\Win32\Debug\innov8\persistence\system\Menu for a new .png file for up to 120 seconds...
New screenshot found: Edge_Original_Uk_CatB3_Arcade.png
Screenshot moved to: Edge_Original_Uk_CatB3_Arcade_1.png
Terminating Hub.exe (PID: 21248)...
Hub.exe terminated.
--------------------------------------------------

 ------------------------------ Done ------------------------------ 

--- Processing options: Edge/EDGE_GRID_CLUB ---
Configuration file patched successfully.
Starting Hub.exe from: W:\Dev\Milestones\M2\stage\Win32\Debug\innov8\system\bin\Hub\Hub.exe
Hub.exe started with PID: 8824
Watching W:\Dev\Milestones\M2\stage\Win32\Debug\innov8\persistence\system\Menu for a new .png file for up to 120 seconds...

 ------------------------------ Done ------------------------------ 


 ------------------------------ 1764849533.7320187 ------------------------------ 

--- Processing options: Edge/EDGE_GRID_CATB3_ARCADE ---
Configuration file patched successfully.
Starting Hub.exe from: W:\Dev\Milestones\M2\stage\Win32\Debug\innov8\system\bin\Hub\Hub.exe
Hub.exe started with PID: 36464
Watching W:\Dev\Milestones\M2\stage\Win32\Debug\innov8\persistence\system\Menu for a new .png file for up to 120 seconds...
New screenshot found: Edge_Original_Uk_CatB3_Arcade.png
Screenshot moved to: Edge_Original_Uk_CatB3_Arcade_2.png
Terminating Hub.exe (PID: 36464)...
Hub.exe terminated.
--------------------------------------------------

 ------------------------------ Done ------------------------------ 

--- Processing options: Edge/EDGE_GRID_CLUB ---
Configuration file patched successfully.
Starting Hub.exe from: W:\Dev\Milestones\M2\stage\Win32\Debug\innov8\system\bin\Hub\Hub.exe
Hub.exe started with PID: 17552
Watching W:\Dev\Milestones\M2\stage\Win32\Debug\innov8\persistence\system\Menu for a new .png file for up to 120 seconds...
New screenshot found: Edge_Original_Uk_CatB4_MembersClub.png
Screenshot moved to: Edge_Original_Uk_CatB4_MembersClub.png
Terminating Hub.exe (PID: 17552)...
Hub.exe terminated.
--------------------------------------------------

 ------------------------------ Done ------------------------------ 

--- Processing options: Edge/EDGE_GRID_CATC_ARCADE ---
Configuration file patched successfully.
Starting Hub.exe from: W:\Dev\Milestones\M2\stage\Win32\Debug\innov8\system\bin\Hub\Hub.exe
Hub.exe started with PID: 35504
Watching W:\Dev\Milestones\M2\stage\Win32\Debug\innov8\persistence\system\Menu for a new .png file for up to 120 seconds...

 ------------------------------ Done ------------------------------ 


 ------------------------------ 1764850319.5216632 ------------------------------ 

--- Processing options: Edge/EDGE_GRID_CATB3_ARCADE ---
Configuration file patched successfully.
Starting Hub.exe from: W:\Dev\Milestones\M2\stage\Win32\Debug\innov8\system\bin\Hub\Hub.exe
Hub.exe started with PID: 21308
Watching W:\Dev\Milestones\M2\stage\Win32\Debug\innov8\persistence\system\Menu for a new .png file for up to 120 seconds...
New screenshot found: Edge_Original_Uk_CatB3_Arcade.png
Screenshot moved to: Edge_Original_Uk_CatB3_Arcade.png
Terminating Hub.exe (PID: 21308)...
Hub.exe terminated.
--------------------------------------------------

 ------------------------------ Done ------------------------------ 

--- Processing options: Edge/EDGE_GRID_CLUB ---
Configuration file patched successfully.
Starting Hub.exe from: W:\Dev\Milestones\M2\stage\Win32\Debug\innov8\system\bin\Hub\Hub.exe
Hub.exe started with PID: 7868
Watching W:\Dev\Milestones\M2\stage\Win32\Debug\innov8\persistence\system\Menu for a new .png file for up to 120 seconds...
New screenshot found: Edge_Original_Uk_CatB4_MembersClub.png
Screenshot moved to: Edge_Original_Uk_CatB4_MembersClub.png
Terminating Hub.exe (PID: 7868)...
Hub.exe terminated.
--------------------------------------------------

 ------------------------------ Done ------------------------------ 

--- Processing options: Edge/EDGE_GRID_CATC_ARCADE ---
Configuration file patched successfully.
Starting Hub.exe from: W:\Dev\Milestones\M2\stage\Win32\Debug\innov8\system\bin\Hub\Hub.exe
Hub.exe started with PID: 21300
Watching W:\Dev\Milestones\M2\stage\Win32\Debug\innov8\persistence\system\Menu for a new .png file for up to 120 seconds...

 ------------------------------ Done ------------------------------ 


 ------------------------------ 1764850606.2100139 ------------------------------ 

--- Processing options: Edge/EDGE_GRID_CATB3_ARCADE ---
Configuration file patched successfully.
Starting Hub.exe from: W:\Dev\Milestones\M2\stage\Win32\Debug\innov8\system\bin\Hub\Hub.exe
Hub.exe started with PID: 37004
Watching W:\Dev\Milestones\M2\stage\Win32\Debug\innov8\persistence\system\Menu for a new .png file for up to 120 seconds...
New screenshot found: Edge_Original_Uk_CatB3_Arcade.png
Screenshot moved to: Edge_Original_Uk_CatB3_Arcade_1.png
Terminating Hub.exe (PID: 37004)...
Hub.exe terminated.
--------------------------------------------------

 ------------------------------ Done ------------------------------ 

--- Processing options: Edge/EDGE_GRID_CLUB ---
Configuration file patched successfully.
Starting Hub.exe from: W:\Dev\Milestones\M2\stage\Win32\Debug\innov8\system\bin\Hub\Hub.exe
Hub.exe started with PID: 35844
Watching W:\Dev\Milestones\M2\stage\Win32\Debug\innov8\persistence\system\Menu for a new .png file for up to 120 seconds...
New screenshot found: Edge_Original_Uk_CatB4_MembersClub.png
Screenshot moved to: Edge_Original_Uk_CatB4_MembersClub_1.png
Terminating Hub.exe (PID: 35844)...
Hub.exe terminated.
--------------------------------------------------

 ------------------------------ Done ------------------------------ 

--- Processing options: Edge/EDGE_GRID_CATC_ARCADE ---
Configuration file patched successfully.
Starting Hub.exe from: W:\Dev\Milestones\M2\stage\Win32\Debug\innov8\system\bin\Hub\Hub.exe
Hub.exe started with PID: 34712
Watching W:\Dev\Milestones\M2\stage\Win32\Debug\innov8\persistence\system\Menu for a new .png file for up to 120 seconds...
New screenshot found: Edge_Original_Uk_CatC_Arcade.png
Screenshot moved to: Edge_Original_Uk_CatC_Arcade.png
Terminating Hub.exe (PID: 34712)...
Hub.exe terminated.
--------------------------------------------------

 ------------------------------ Done ------------------------------ 

--- Processing options: Edge/EDGE_GRID_PUB ---
Configuration file patched successfully.
Starting Hub.exe from: W:\Dev\Milestones\M2\stage\Win32\Debug\innov8\system\bin\Hub\Hub.exe
Hub.exe started with PID: 29524
Watching W:\Dev\Milestones\M2\stage\Win32\Debug\innov8\persistence\system\Menu for a new .png file for up to 120 seconds...
New screenshot found: Edge_Original_Uk_CatC_SingleSite.png
Screenshot moved to: Edge_Original_Uk_CatC_SingleSite.png
Terminating Hub.exe (PID: 29524)...
Hub.exe terminated.
--------------------------------------------------

 ------------------------------ Done ------------------------------ 

--- Processing options: EdgePlus/EDGEPLUS_NEXUS_ARCADE ---
Configuration file patched successfully.
Starting Hub.exe from: W:\Dev\Milestones\M2\stage\Win32\Debug\innov8\system\bin\Hub\Hub.exe
Hub.exe started with PID: 30536
Watching W:\Dev\Milestones\M2\stage\Win32\Debug\innov8\persistence\system\Menu for a new .png file for up to 120 seconds...

 ------------------------------ Done ------------------------------ 


 ------------------------------ 1764851000.184272 ------------------------------ 

--- Processing options: Edge/EDGE_GRID_CATB3_ARCADE ---
Configuration file patched successfully.
Starting Hub.exe from: W:\Dev\Milestones\M2\stage\Win32\Debug\innov8\system\bin\Hub\Hub.exe
Hub.exe started with PID: 4464
Hub failed to start

 ------------------------------ Done ------------------------------ 

--- Processing options: Edge/EDGE_GRID_CLUB ---
Configuration file patched successfully.
Starting Hub.exe from: W:\Dev\Milestones\M2\stage\Win32\Debug\innov8\system\bin\Hub\Hub.exe
Hub.exe started with PID: 6072
Hub failed to start

 ------------------------------ Done ------------------------------ 

--- Processing options: Edge/EDGE_GRID_CATC_ARCADE ---
Configuration file patched successfully.
Starting Hub.exe from: W:\Dev\Milestones\M2\stage\Win32\Debug\innov8\system\bin\Hub\Hub.exe
Hub.exe started with PID: 35016
Hub failed to start

 ------------------------------ Done ------------------------------ 

--- Processing options: Edge/EDGE_GRID_PUB ---
Configuration file patched successfully.
Starting Hub.exe from: W:\Dev\Milestones\M2\stage\Win32\Debug\innov8\system\bin\Hub\Hub.exe
Hub.exe started with PID: 20704
Hub failed to start

 ------------------------------ Done ------------------------------ 

--- Processing options: EdgePlus/EDGEPLUS_NEXUS_ARCADE ---
Configuration file patched successfully.
Starting Hub.exe from: W:\Dev\Milestones\M2\stage\Win32\Debug\innov8\system\bin\Hub\Hub.exe
Hub.exe started with PID: 35472
Hub failed to start

 ------------------------------ Done ------------------------------ 

--- Processing options: EdgePlus/EDGEPLUS_CARBON_PUB ---
Configuration file patched successfully.
Starting Hub.exe from: W:\Dev\Milestones\M2\stage\Win32\Debug\innov8\system\bin\Hub\Hub.exe
Hub.exe started with PID: 33996
Hub failed to start

 ------------------------------ Done ------------------------------ 

--- Processing options: EdgePlus/EDGEPLUS_NEXUS_CATB4_CLUB ---
Configuration file patched successfully.
Starting Hub.exe from: W:\Dev\Milestones\M2\stage\Win32\Debug\innov8\system\bin\Hub\Hub.exe
Hub.exe started with PID: 33228
Hub failed to start

 ------------------------------ Done ------------------------------ 

--- Processing options: EdgePlus/EDGEPLUS_NEXUS_CATB3_ARCADE ---
Configuration file patched successfully.
Starting Hub.exe from: W:\Dev\Milestones\M2\stage\Win32\Debug\innov8\system\bin\Hub\Hub.exe
Hub.exe started with PID: 18372
Hub failed to start

 ------------------------------ Done ------------------------------ 

--- Processing options: ApexEvolution/EVO_SUPERNOVA_ARCADE ---
Configuration file patched successfully.
Starting Hub.exe from: W:\Dev\Milestones\M2\stage\Win32\Debug\innov8\system\bin\Hub\Hub.exe
Hub.exe started with PID: 22400
Hub failed to start

 ------------------------------ Done ------------------------------ 

--- Processing options: ApexEvolution/EVO_HEX_PUB ---
Configuration file patched successfully.
Starting Hub.exe from: W:\Dev\Milestones\M2\stage\Win32\Debug\innov8\system\bin\Hub\Hub.exe
Hub.exe started with PID: 29396
Hub failed to start

 ------------------------------ Done ------------------------------ 

--- Processing options: Halo/HALO_HOTSLOTS_ARCADE ---
Configuration file patched successfully.
Starting Hub.exe from: W:\Dev\Milestones\M2\stage\Win32\Debug\innov8\system\bin\Hub\Hub.exe
Hub.exe started with PID: 38876
Hub failed to start

 ------------------------------ Done ------------------------------ 

--- Processing options: Halo/HALO_LUCKYSLOTS_ARCADE ---
Configuration file patched successfully.
Starting Hub.exe from: W:\Dev\Milestones\M2\stage\Win32\Debug\innov8\system\bin\Hub\Hub.exe
Hub.exe started with PID: 25068
Hub failed to start

 ------------------------------ Done ------------------------------ 

--- Processing options: Halo/HALO_HOTSLOTS_CLUB ---
Configuration file patched successfully.
Starting Hub.exe from: W:\Dev\Milestones\M2\stage\Win32\Debug\innov8\system\bin\Hub\Hub.exe
Hub.exe started with PID: 38008
Hub failed to start

 ------------------------------ Done ------------------------------ 

--- Processing options: Illusion/ILLUSION_B3_MSD_ARCADE ---
Configuration file patched successfully.
Starting Hub.exe from: W:\Dev\Milestones\M2\stage\Win32\Debug\innov8\system\bin\Hub\Hub.exe
Hub.exe started with PID: 28704
Hub failed to start

 ------------------------------ Done ------------------------------ 

--- Processing options: Illusion/ILLUSION_B3A_CLUB ---
Configuration file patched successfully.
Starting Hub.exe from: W:\Dev\Milestones\M2\stage\Win32\Debug\innov8\system\bin\Hub\Hub.exe
Hub.exe started with PID: 33488
Hub failed to start

 ------------------------------ Done ------------------------------ 

--- Processing options: Illusion/ILLUSION_MSD_PUB ---
Configuration file patched successfully.
Starting Hub.exe from: W:\Dev\Milestones\M2\stage\Win32\Debug\innov8\system\bin\Hub\Hub.exe
Hub.exe started with PID: 36376
Hub failed to start

 ------------------------------ Done ------------------------------ 

--- Processing options: ISlot/ISLOT_ONYX_PUB ---
Configuration file patched successfully.
Starting Hub.exe from: W:\Dev\Milestones\M2\stage\Win32\Debug\innov8\system\bin\Hub\Hub.exe
Hub.exe started with PID: 2044

 ------------------------------ Done ------------------------------ 


 ------------------------------ 1764851172.1182394 ------------------------------ 

--- Processing options: Edge/EDGE_GRID_CATB3_ARCADE ---
Configuration file patched successfully.
Starting Hub.exe from: W:\Dev\Milestones\M2\stage\Win32\Debug\innov8\system\bin\Hub\Hub.exe
Hub.exe started with PID: 38816
Watching W:\Dev\Milestones\M2\stage\Win32\Debug\innov8\persistence\system\Menu for a new .png file for up to 120 seconds...
New screenshot found: Edge_Original_Uk_CatB3_Arcade.png
Screenshot moved to: Edge_Original_Uk_CatB3_Arcade.png
Terminating Hub.exe (PID: 38816)...
Hub.exe terminated.
--------------------------------------------------

 ------------------------------ Done ------------------------------ 

--- Processing options: Edge/EDGE_GRID_CLUB ---
Configuration file patched successfully.
Starting Hub.exe from: W:\Dev\Milestones\M2\stage\Win32\Debug\innov8\system\bin\Hub\Hub.exe
Hub.exe started with PID: 33312
Watching W:\Dev\Milestones\M2\stage\Win32\Debug\innov8\persistence\system\Menu for a new .png file for up to 120 seconds...
New screenshot found: Edge_Original_Uk_CatB4_MembersClub.png
Screenshot moved to: Edge_Original_Uk_CatB4_MembersClub.png
Terminating Hub.exe (PID: 33312)...
Hub.exe terminated.
--------------------------------------------------

 ------------------------------ Done ------------------------------ 

--- Processing options: Edge/EDGE_GRID_CATC_ARCADE ---
Configuration file patched successfully.
Starting Hub.exe from: W:\Dev\Milestones\M2\stage\Win32\Debug\innov8\system\bin\Hub\Hub.exe
Hub.exe started with PID: 9572
Watching W:\Dev\Milestones\M2\stage\Win32\Debug\innov8\persistence\system\Menu for a new .png file for up to 120 seconds...
New screenshot found: Edge_Original_Uk_CatC_Arcade.png
Screenshot moved to: Edge_Original_Uk_CatC_Arcade.png
Terminating Hub.exe (PID: 9572)...
Hub.exe terminated.
--------------------------------------------------

 ------------------------------ Done ------------------------------ 

--- Processing options: Edge/EDGE_GRID_PUB ---
Configuration file patched successfully.
Starting Hub.exe from: W:\Dev\Milestones\M2\stage\Win32\Debug\innov8\system\bin\Hub\Hub.exe
Hub.exe started with PID: 35884
Watching W:\Dev\Milestones\M2\stage\Win32\Debug\innov8\persistence\system\Menu for a new .png file for up to 120 seconds...
New screenshot found: Edge_Original_Uk_CatC_SingleSite.png
Screenshot moved to: Edge_Original_Uk_CatC_SingleSite.png
Terminating Hub.exe (PID: 35884)...
Hub.exe terminated.
--------------------------------------------------

 ------------------------------ Done ------------------------------ 

--- Processing options: EdgePlus/EDGEPLUS_NEXUS_ARCADE ---
Configuration file patched successfully.
Starting Hub.exe from: W:\Dev\Milestones\M2\stage\Win32\Debug\innov8\system\bin\Hub\Hub.exe
Hub.exe started with PID: 3468
Watching W:\Dev\Milestones\M2\stage\Win32\Debug\innov8\persistence\system\Menu for a new .png file for up to 120 seconds...
New screenshot found: EdgePlus_Original_Uk_CatC_Arcade.png
Screenshot moved to: EdgePlus_Original_Uk_CatC_Arcade.png
Terminating Hub.exe (PID: 3468)...
Hub.exe terminated.
--------------------------------------------------

 ------------------------------ Done ------------------------------ 

--- Processing options: EdgePlus/EDGEPLUS_CARBON_PUB ---
Configuration file patched successfully.
Starting Hub.exe from: W:\Dev\Milestones\M2\stage\Win32\Debug\innov8\system\bin\Hub\Hub.exe
Hub.exe started with PID: 6324
Watching W:\Dev\Milestones\M2\stage\Win32\Debug\innov8\persistence\system\Menu for a new .png file for up to 120 seconds...
New screenshot found: EdgePlus_Original_Uk_CatC_SingleSite.png
Screenshot moved to: EdgePlus_Original_Uk_CatC_SingleSite.png
Terminating Hub.exe (PID: 6324)...
Hub.exe terminated.
--------------------------------------------------

 ------------------------------ Done ------------------------------ 

--- Processing options: EdgePlus/EDGEPLUS_NEXUS_CATB4_CLUB ---
Configuration file patched successfully.
Starting Hub.exe from: W:\Dev\Milestones\M2\stage\Win32\Debug\innov8\system\bin\Hub\Hub.exe
Hub.exe started with PID: 34956
Watching W:\Dev\Milestones\M2\stage\Win32\Debug\innov8\persistence\system\Menu for a new .png file for up to 120 seconds...
New screenshot found: EdgePlus_Original_Uk_CatB4_MembersClub.png
Screenshot moved to: EdgePlus_Original_Uk_CatB4_MembersClub.png
Terminating Hub.exe (PID: 34956)...
Hub.exe terminated.
--------------------------------------------------

 ------------------------------ Done ------------------------------ 

--- Processing options: EdgePlus/EDGEPLUS_NEXUS_CATB3_ARCADE ---
Configuration file patched successfully.
Starting Hub.exe from: W:\Dev\Milestones\M2\stage\Win32\Debug\innov8\system\bin\Hub\Hub.exe
Hub.exe started with PID: 27528
Watching W:\Dev\Milestones\M2\stage\Win32\Debug\innov8\persistence\system\Menu for a new .png file for up to 120 seconds...
New screenshot found: EdgePlus_Original_Uk_CatB3_Arcade.png
Screenshot moved to: EdgePlus_Original_Uk_CatB3_Arcade.png
Terminating Hub.exe (PID: 27528)...
Hub.exe terminated.
--------------------------------------------------

 ------------------------------ Done ------------------------------ 

--- Processing options: ApexEvolution/EVO_SUPERNOVA_ARCADE ---
Configuration file patched successfully.
Starting Hub.exe from: W:\Dev\Milestones\M2\stage\Win32\Debug\innov8\system\bin\Hub\Hub.exe
Hub.exe started with PID: 37612
Watching W:\Dev\Milestones\M2\stage\Win32\Debug\innov8\persistence\system\Menu for a new .png file for up to 120 seconds...
New screenshot found: ApexEvolution_Mesh_Uk_CatC_Arcade.png
Screenshot moved to: ApexEvolution_Mesh_Uk_CatC_Arcade.png
Terminating Hub.exe (PID: 37612)...
Hub.exe terminated.
--------------------------------------------------

 ------------------------------ Done ------------------------------ 

--- Processing options: ApexEvolution/EVO_HEX_PUB ---
Configuration file patched successfully.
Starting Hub.exe from: W:\Dev\Milestones\M2\stage\Win32\Debug\innov8\system\bin\Hub\Hub.exe
Hub.exe started with PID: 16904
Watching W:\Dev\Milestones\M2\stage\Win32\Debug\innov8\persistence\system\Menu for a new .png file for up to 120 seconds...
New screenshot found: ApexEvolution_Mesh_Uk_CatC_SingleSite.png
Screenshot moved to: ApexEvolution_Mesh_Uk_CatC_SingleSite.png
Terminating Hub.exe (PID: 16904)...
Hub.exe terminated.
--------------------------------------------------

 ------------------------------ Done ------------------------------ 

--- Processing options: Halo/HALO_HOTSLOTS_ARCADE ---
Configuration file patched successfully.
Starting Hub.exe from: W:\Dev\Milestones\M2\stage\Win32\Debug\innov8\system\bin\Hub\Hub.exe
Hub.exe started with PID: 26448
Watching W:\Dev\Milestones\M2\stage\Win32\Debug\innov8\persistence\system\Menu for a new .png file for up to 120 seconds...
New screenshot found: Halo_Original_Uk_CatB3_Arcade.png
Screenshot moved to: Halo_Original_Uk_CatB3_Arcade.png
Terminating Hub.exe (PID: 26448)...
Hub.exe terminated.
--------------------------------------------------

 ------------------------------ Done ------------------------------ 

--- Processing options: Halo/HALO_LUCKYSLOTS_ARCADE ---
Configuration file patched successfully.
Starting Hub.exe from: W:\Dev\Milestones\M2\stage\Win32\Debug\innov8\system\bin\Hub\Hub.exe
Hub.exe started with PID: 16868
Watching W:\Dev\Milestones\M2\stage\Win32\Debug\innov8\persistence\system\Menu for a new .png file for up to 120 seconds...
New screenshot found: Halo_Original_Uk_CatC_Arcade.png
Screenshot moved to: Halo_Original_Uk_CatC_Arcade.png
Terminating Hub.exe (PID: 16868)...
Hub.exe terminated.
--------------------------------------------------

 ------------------------------ Done ------------------------------ 

--- Processing options: Halo/HALO_HOTSLOTS_CLUB ---
Configuration file patched successfully.
Starting Hub.exe from: W:\Dev\Milestones\M2\stage\Win32\Debug\innov8\system\bin\Hub\Hub.exe
Hub.exe started with PID: 8552
Watching W:\Dev\Milestones\M2\stage\Win32\Debug\innov8\persistence\system\Menu for a new .png file for up to 120 seconds...
New screenshot found: Halo_Original_Uk_CatB4_MembersClub.png
Screenshot moved to: Halo_Original_Uk_CatB4_MembersClub.png
Terminating Hub.exe (PID: 8552)...
Hub.exe terminated.
--------------------------------------------------

 ------------------------------ Done ------------------------------ 

--- Processing options: Illusion/ILLUSION_B3_MSD_ARCADE ---
Configuration file patched successfully.
Starting Hub.exe from: W:\Dev\Milestones\M2\stage\Win32\Debug\innov8\system\bin\Hub\Hub.exe
Hub.exe started with PID: 37524
Watching W:\Dev\Milestones\M2\stage\Win32\Debug\innov8\persistence\system\Menu for a new .png file for up to 120 seconds...
New screenshot found: Illusion_Mesh_Uk_CatB3_Arcade.png
Screenshot moved to: Illusion_Mesh_Uk_CatB3_Arcade.png
Terminating Hub.exe (PID: 37524)...
Hub.exe terminated.
--------------------------------------------------

 ------------------------------ Done ------------------------------ 

--- Processing options: Illusion/ILLUSION_B3A_CLUB ---
Configuration file patched successfully.
Starting Hub.exe from: W:\Dev\Milestones\M2\stage\Win32\Debug\innov8\system\bin\Hub\Hub.exe
Hub.exe started with PID: 18720
Watching W:\Dev\Milestones\M2\stage\Win32\Debug\innov8\persistence\system\Menu for a new .png file for up to 120 seconds...
New screenshot found: Illusion_Mesh_Uk_CatB3a_MembersClub.png
Screenshot moved to: Illusion_Mesh_Uk_CatB3a_MembersClub.png
Terminating Hub.exe (PID: 18720)...
Hub.exe terminated.
--------------------------------------------------

 ------------------------------ Done ------------------------------ 

--- Processing options: Illusion/ILLUSION_MSD_PUB ---
Configuration file patched successfully.
Starting Hub.exe from: W:\Dev\Milestones\M2\stage\Win32\Debug\innov8\system\bin\Hub\Hub.exe
Hub.exe started with PID: 14916
Watching W:\Dev\Milestones\M2\stage\Win32\Debug\innov8\persistence\system\Menu for a new .png file for up to 120 seconds...
New screenshot found: Illusion_Mesh_Uk_CatC_SingleSite.png
Screenshot moved to: Illusion_Mesh_Uk_CatC_SingleSite.png
Terminating Hub.exe (PID: 14916)...
Hub.exe terminated.
--------------------------------------------------

 ------------------------------ Done ------------------------------ 

--- Processing options: ISlot/ISLOT_ONYX_PUB ---
Configuration file patched successfully.
Starting Hub.exe from: W:\Dev\Milestones\M2\stage\Win32\Debug\innov8\system\bin\Hub\Hub.exe
Hub.exe started with PID: 12248
Watching W:\Dev\Milestones\M2\stage\Win32\Debug\innov8\persistence\system\Menu for a new .png file for up to 120 seconds...
New screenshot found: ISlot_Original_Uk_CatC_SingleSite.png
Screenshot moved to: ISlot_Original_Uk_CatC_SingleSite.png
Terminating Hub.exe (PID: 12248)...
Hub.exe terminated.
--------------------------------------------------

 ------------------------------ Done ------------------------------ 

--- Processing options: Phoenix/PHOENIXLOTI_CLUB ---
Configuration file patched successfully.
Starting Hub.exe from: W:\Dev\Milestones\M2\stage\Win32\Debug\innov8\system\bin\Hub\Hub.exe
Hub.exe started with PID: 31060
Watching W:\Dev\Milestones\M2\stage\Win32\Debug\innov8\persistence\system\Menu for a new .png file for up to 120 seconds...
New screenshot found: Phoenix_LuckOfTheIrish_Uk_CatB4_MembersClub.png
Screenshot moved to: Phoenix_LuckOfTheIrish_Uk_CatB4_MembersClub.png
Terminating Hub.exe (PID: 31060)...
Hub.exe terminated.
--------------------------------------------------

 ------------------------------ Done ------------------------------ 

--- Processing options: Phoenix/PHOENIXLOTI ---
Configuration file patched successfully.
Starting Hub.exe from: W:\Dev\Milestones\M2\stage\Win32\Debug\innov8\system\bin\Hub\Hub.exe
Hub.exe started with PID: 33484
Watching W:\Dev\Milestones\M2\stage\Win32\Debug\innov8\persistence\system\Menu for a new .png file for up to 120 seconds...
New screenshot found: Phoenix_Hot_Uk_CatC_SingleSite.png
Screenshot moved to: Phoenix_Hot_Uk_CatC_SingleSite.png
Terminating Hub.exe (PID: 33484)...
Hub.exe terminated.
--------------------------------------------------

 ------------------------------ Done ------------------------------ 

--- Processing options: Phoenix/PHOENIXLOTI ---
Configuration file patched successfully.
Starting Hub.exe from: W:\Dev\Milestones\M2\stage\Win32\Debug\innov8\system\bin\Hub\Hub.exe
Hub.exe started with PID: 25256
Watching W:\Dev\Milestones\M2\stage\Win32\Debug\innov8\persistence\system\Menu for a new .png file for up to 120 seconds...
New screenshot found: Phoenix_LuckOfTheIrish_Uk_CatC_SingleSite.png
Screenshot moved to: Phoenix_LuckOfTheIrish_Uk_CatC_SingleSite.png
Terminating Hub.exe (PID: 25256)...
Hub.exe terminated.
--------------------------------------------------

 ------------------------------ Done ------------------------------ 

--- Processing options: Razor/RAZOR_BLADE_COMMUNITY_ARCADE ---
Configuration file patched successfully.
Starting Hub.exe from: W:\Dev\Milestones\M2\stage\Win32\Debug\innov8\system\bin\Hub\Hub.exe
Hub.exe started with PID: 18568
Watching W:\Dev\Milestones\M2\stage\Win32\Debug\innov8\persistence\system\Menu for a new .png file for up to 120 seconds...
New screenshot found: Razor_Original_Uk_CatC_Arcade.png
Screenshot moved to: Razor_Original_Uk_CatC_Arcade.png
Terminating Hub.exe (PID: 18568)...
Hub.exe terminated.
--------------------------------------------------

 ------------------------------ Done ------------------------------ 

--- Processing options: Razor/RAZOR_BLADE_PUB ---
Configuration file patched successfully.
Starting Hub.exe from: W:\Dev\Milestones\M2\stage\Win32\Debug\innov8\system\bin\Hub\Hub.exe
Hub.exe started with PID: 19844
Watching W:\Dev\Milestones\M2\stage\Win32\Debug\innov8\persistence\system\Menu for a new .png file for up to 120 seconds...
New screenshot found: Razor_Original_Uk_CatC_SingleSite.png
Screenshot moved to: Razor_Original_Uk_CatC_SingleSite.png
Terminating Hub.exe (PID: 19844)...
Hub.exe terminated.
--------------------------------------------------

 ------------------------------ Done ------------------------------ 

--- Processing options: Apex/SUPERNOVA ---
Configuration file patched successfully.
Starting Hub.exe from: W:\Dev\Milestones\M2\stage\Win32\Debug\innov8\system\bin\Hub\Hub.exe
Hub.exe started with PID: 2520
Watching W:\Dev\Milestones\M2\stage\Win32\Debug\innov8\persistence\system\Menu for a new .png file for up to 120 seconds...
New screenshot found: Apex_Mesh_Uk_CatC_SingleSite.png
Screenshot moved to: Apex_Mesh_Uk_CatC_SingleSite.png
Terminating Hub.exe (PID: 2520)...
Hub.exe terminated.
--------------------------------------------------

 ------------------------------ Done ------------------------------ 

--- Processing options: Emerald/SUPERNOVA ---
Configuration file patched successfully.
Starting Hub.exe from: W:\Dev\Milestones\M2\stage\Win32\Debug\innov8\system\bin\Hub\Hub.exe
Hub.exe started with PID: 35720
Watching W:\Dev\Milestones\M2\stage\Win32\Debug\innov8\persistence\system\Menu for a new .png file for up to 120 seconds...
New screenshot found: Emerald_Original_Uk_CatC_SingleSite.png
Screenshot moved to: Emerald_Original_Uk_CatC_SingleSite.png
Terminating Hub.exe (PID: 35720)...
Hub.exe terminated.
--------------------------------------------------

 ------------------------------ Done ------------------------------ 

--- Processing options: PartialEclipse/SUPERNOVA ---
Configuration file patched successfully.
Starting Hub.exe from: W:\Dev\Milestones\M2\stage\Win32\Debug\innov8\system\bin\Hub\Hub.exe
Hub.exe started with PID: 38592
Watching W:\Dev\Milestones\M2\stage\Win32\Debug\innov8\persistence\system\Menu for a new .png file for up to 120 seconds...
New screenshot found: PartialEclipse_BlazingHot_Uk_CatC_SingleSite.png
Screenshot moved to: PartialEclipse_BlazingHot_Uk_CatC_SingleSite.png
Terminating Hub.exe (PID: 38592)...
Hub.exe terminated.
--------------------------------------------------

 ------------------------------ Done ------------------------------ 

--- Processing options: PartialEclipse/SUPERNOVA ---
Configuration file patched successfully.
Starting Hub.exe from: W:\Dev\Milestones\M2\stage\Win32\Debug\innov8\system\bin\Hub\Hub.exe
Hub.exe started with PID: 36972
Watching W:\Dev\Milestones\M2\stage\Win32\Debug\innov8\persistence\system\Menu for a new .png file for up to 120 seconds...
New screenshot found: PartialEclipse_Casino_Uk_CatC_SingleSite.png
Screenshot moved to: PartialEclipse_Casino_Uk_CatC_SingleSite.png
Terminating Hub.exe (PID: 36972)...
Hub.exe terminated.
--------------------------------------------------

 ------------------------------ Done ------------------------------ 

--- Processing options: PartialEclipse/SUPERNOVA ---
Configuration file patched successfully.
Starting Hub.exe from: W:\Dev\Milestones\M2\stage\Win32\Debug\innov8\system\bin\Hub\Hub.exe
Hub.exe started with PID: 27848
Watching W:\Dev\Milestones\M2\stage\Win32\Debug\innov8\persistence\system\Menu for a new .png file for up to 120 seconds...
New screenshot found: PartialEclipse_LuckOfTheIrish_Uk_CatC_SingleSite.png
Screenshot moved to: PartialEclipse_LuckOfTheIrish_Uk_CatC_SingleSite.png
Terminating Hub.exe (PID: 27848)...
Hub.exe terminated.
--------------------------------------------------

 ------------------------------ Done ------------------------------ 

--- Processing options: PartialEclipse/SUPERNOVA ---
Configuration file patched successfully.
Starting Hub.exe from: W:\Dev\Milestones\M2\stage\Win32\Debug\innov8\system\bin\Hub\Hub.exe
Hub.exe started with PID: 30828
Watching W:\Dev\Milestones\M2\stage\Win32\Debug\innov8\persistence\system\Menu for a new .png file for up to 120 seconds...
New screenshot found: PartialEclipse_StarsAndBars_Uk_CatC_SingleSite.png
Screenshot moved to: PartialEclipse_StarsAndBars_Uk_CatC_SingleSite.png
Terminating Hub.exe (PID: 30828)...
Hub.exe terminated.
--------------------------------------------------

 ------------------------------ Done ------------------------------ 

--- Processing options: TotalEclipse/SUPERNOVA ---
Configuration file patched successfully.
Starting Hub.exe from: W:\Dev\Milestones\M2\stage\Win32\Debug\innov8\system\bin\Hub\Hub.exe
Hub.exe started with PID: 18380
Watching W:\Dev\Milestones\M2\stage\Win32\Debug\innov8\persistence\system\Menu for a new .png file for up to 120 seconds...
New screenshot found: TotalEclipse_Stars_Uk_CatC_SingleSite.png
Screenshot moved to: TotalEclipse_Stars_Uk_CatC_SingleSite.png
Terminating Hub.exe (PID: 18380)...
Hub.exe terminated.
--------------------------------------------------

 ------------------------------ Done ------------------------------ 

--- Processing options: Stellar/STELLAR_HEX_CATB3A_CLUB ---
Configuration file patched successfully.
Starting Hub.exe from: W:\Dev\Milestones\M2\stage\Win32\Debug\innov8\system\bin\Hub\Hub.exe
Hub.exe started with PID: 34724
Watching W:\Dev\Milestones\M2\stage\Win32\Debug\innov8\persistence\system\Menu for a new .png file for up to 120 seconds...
New screenshot found: Stellar_Original_Uk_CatB3a_MembersClub.png
Screenshot moved to: Stellar_Original_Uk_CatB3a_MembersClub.png
Terminating Hub.exe (PID: 34724)...
Hub.exe terminated.
--------------------------------------------------

 ------------------------------ Done ------------------------------ 

--- Processing options: Stellar/STELLAR_HEX_CATB4_CLUB ---
Configuration file patched successfully.
Starting Hub.exe from: W:\Dev\Milestones\M2\stage\Win32\Debug\innov8\system\bin\Hub\Hub.exe
Hub.exe started with PID: 35412
Watching W:\Dev\Milestones\M2\stage\Win32\Debug\innov8\persistence\system\Menu for a new .png file for up to 120 seconds...
New screenshot found: Stellar_Original_Uk_CatB4_MembersClub.png
Screenshot moved to: Stellar_Original_Uk_CatB4_MembersClub.png
Terminating Hub.exe (PID: 35412)...
Hub.exe terminated.
--------------------------------------------------

 ------------------------------ Done ------------------------------ 

--- Processing options: Stellar/STELLAR_HEX_PUB ---
Configuration file patched successfully.
Starting Hub.exe from: W:\Dev\Milestones\M2\stage\Win32\Debug\innov8\system\bin\Hub\Hub.exe
Hub.exe started with PID: 32900
Watching W:\Dev\Milestones\M2\stage\Win32\Debug\innov8\persistence\system\Menu for a new .png file for up to 120 seconds...
New screenshot found: Stellar_Original_Uk_CatC_SingleSite.png
Screenshot moved to: Stellar_Original_Uk_CatC_SingleSite.png
Terminating Hub.exe (PID: 32900)...
Hub.exe terminated.
--------------------------------------------------

 ------------------------------ Done ------------------------------ 

